<html>
<body>
<pre>
<h1>µVision Build Log</h1>
<h2>Project:</h2>
C:\Keil\Labware\Lab15_SpaceInvaders\SpaceInvaders.uvproj
Project File Date:  06/12/2020

<h2>Output:</h2>
Build target 'SpaceInvaders'
compiling SpaceInvaders.c...
SpaceInvaders.c(326): warning:  #1295-D: Deprecated declaration WelcomeScreen - give arg types
  void WelcomeScreen();
SpaceInvaders.c(327): warning:  #1295-D: Deprecated declaration SelectLocation - give arg types
  int SelectLocation();
SpaceInvaders.c(339): warning:  #177-D: variable "i" was declared but never referenced
        int i, j, x;
SpaceInvaders.c(339): warning:  #177-D: variable "j" was declared but never referenced
        int i, j, x;
SpaceInvaders.c(498): warning:  #1166-D: returning pointer to local variable
        return location;
SpaceInvaders.c: 5 warnings, 0 errors
linking...
Program Size: Code=4568 RO-data=872 RW-data=80 ZI-data=1720  
".\SpaceInvaders.axf" - 0 Error(s), 5 Warning(s).
</pre>
</body>
</html>
-data=872 RW-data=80 ZI-data=1720  
".\SpaceInvaders.axf" - 0 Error(s), 6 Warning(s).
inking...
Program Size: Code=3796 RO-data=872 RW-data=80 ZI-data=1720  
".\SpaceInvaders.axf" - 0 Error(s), 7 Warning(s).
